// Jest Snapshot v1, https://goo.gl/fbAQLP

exports[`CreateCustomTransactionForm matches the snapshot 1`] = `
<div
  class="userTransactionGrid"
>
  <button
    class="button fab red"
    disabled=""
    title="BALANCE_DISPENSE"
    type="submit"
  >
    -
  </button>
  <input
    class="input"
    placeholder="BALANCE_PLACEHOLDER"
    style="color: rgb(142, 142, 142);"
    type="tel"
    value="BALANCE_PLACEHOLDER"
  />
  <button
    class="button fab green"
    disabled=""
    title="BALANCE_DEPOSIT"
    type="submit"
  >
    +
  </button>
</div>
`;
