// Jest Snapshot v1, https://goo.gl/fbAQLP

exports[`CurrencyInput matches the snapshot 1`] = `
<input
  class="input"
  type="tel"
  value="0.00"
/>
`;

exports[`CurrencyInput with a default value matches the snapshot 1`] = `
<input
  class="input"
  type="tel"
  value="1,234.56"
/>
`;
